stm32f4xx_hal_eth.c:207:19:HAL_ETH_Autonegotiate	32	static
stm32f4xx_hal_eth.c:300:19:HAL_ETH_SetSpeedDuplex	24	static
stm32f4xx_hal_eth.c:352:19:HAL_ETH_Init	48	static
stm32f4xx_hal_eth.c:820:19:HAL_ETH_DeInit	16	static
stm32f4xx_hal_eth.c:856:19:HAL_ETH_DMATxDescListInit	32	static
stm32f4xx_hal_eth.c:923:19:HAL_ETH_DMARxDescListInit	32	static
stm32f4xx_hal_eth.c:990:13:HAL_ETH_MspInit	16	static
stm32f4xx_hal_eth.c:1005:13:HAL_ETH_MspDeInit	16	static
stm32f4xx_hal_eth.c:1215:19:HAL_ETH_TransmitFrame	32	static
stm32f4xx_hal_eth.c:1328:19:HAL_ETH_GetReceivedFrame	24	static
stm32f4xx_hal_eth.c:1408:19:HAL_ETH_GetReceivedFrame_IT	24	static
stm32f4xx_hal_eth.c:1493:6:HAL_ETH_IRQHandler	16	static
stm32f4xx_hal_eth.c:1567:13:HAL_ETH_TxCpltCallback	16	static
stm32f4xx_hal_eth.c:1582:13:HAL_ETH_RxCpltCallback	16	static
stm32f4xx_hal_eth.c:1597:13:HAL_ETH_ErrorCallback	16	static
stm32f4xx_hal_eth.c:1618:19:HAL_ETH_ReadPHYRegister	32	static
stm32f4xx_hal_eth.c:1690:19:HAL_ETH_WritePHYRegister	32	static
stm32f4xx_hal_eth.c:1782:19:HAL_ETH_Start	16	static
stm32f4xx_hal_eth.c:1821:19:HAL_ETH_Stop	16	static
stm32f4xx_hal_eth.c:1861:19:HAL_ETH_ConfigMAC	24	static
stm32f4xx_hal_eth.c:2028:19:HAL_ETH_ConfigDMA	24	static
stm32f4xx_hal_eth.c:2135:22:HAL_ETH_GetState	16	static
stm32f4xx_hal_eth.c:2160:13:ETH_MACDMAConfig	200	static
stm32f4xx_hal_eth.c:2423:13:ETH_MACAddressConfig	32	static
stm32f4xx_hal_eth.c:2450:13:ETH_MACTransmissionEnable	24	static
stm32f4xx_hal_eth.c:2470:13:ETH_MACTransmissionDisable	24	static
stm32f4xx_hal_eth.c:2490:13:ETH_MACReceptionEnable	24	static
stm32f4xx_hal_eth.c:2510:13:ETH_MACReceptionDisable	24	static
stm32f4xx_hal_eth.c:2530:13:ETH_DMATransmissionEnable	16	static
stm32f4xx_hal_eth.c:2542:13:ETH_DMATransmissionDisable	16	static
stm32f4xx_hal_eth.c:2554:13:ETH_DMAReceptionEnable	16	static
stm32f4xx_hal_eth.c:2566:13:ETH_DMAReceptionDisable	16	static
stm32f4xx_hal_eth.c:2578:13:ETH_FlushTransmitFIFO	24	static
stm32f4xx_hal_eth.c:2597:13:ETH_Delay	24	static,ignoring_inline_asm
