ethernetif.c:85:6:ethernetif_phy_irq	8	static
ethernetif.c:90:6:link_state	40	static
ethernetif.c:126:6:HAL_ETH_MspInit	64	static
ethernetif.c:181:6:HAL_ETH_MspDeInit	16	static
ethernetif.c:222:6:HAL_ETH_RxCpltCallback	16	static
ethernetif.c:241:13:low_level_init	56	static
ethernetif.c:348:14:low_level_output	48	static
ethernetif.c:432:22:low_level_input	56	static
ethernetif.c:521:6:ethernetif_input	24	static
ethernetif.c:580:7:ethernetif_init	16	static
ethernetif.c:627:7:sys_jiffies	8	static
ethernetif.c:638:7:sys_now	8	static
ethernetif.c:650:6:ethernetif_set_link	24	static
ethernetif.c:691:6:ethernetif_update_config	24	static
ethernetif.c:779:13:ethernetif_notify_conn_changed	16	static
