hd44780.c:115:13:lcd10usDelay	16	static
hd44780.c:127:13:lcdWrite	16	static
hd44780.c:174:13:lcdStrobe	8	static
hd44780.c:182:13:lcdHigh	16	static
hd44780.c:191:13:lcdLow	16	static
hd44780.c:201:13:lcdConfig	16	static
hd44780.c:235:6:lcdClrScr	8	static
hd44780.c:258:6:lcdReturn	8	static
hd44780.c:279:6:lcdScroll	16	static
hd44780.c:326:6:cursorShift	16	static
hd44780.c:371:6:lcdGoto	16	static
hd44780.c:411:6:lcdSetMode	16	static
hd44780.c:423:6:lcdPutc	16	static
hd44780.c:441:6:lcdPuts	24	static
hd44780.c:476:6:lcdLoadChar	24	static
hd44780.c:492:6:lcdDrawChar	16	static
hd44780.c:506:6:lcdBackSpace	8	static
hd44780.c:514:17:lcdPow10	24	static
hd44780.c:528:6:lcdItos	24	static
hd44780.c:555:6:lcdFtos	16	static
hd44780.c:574:6:lcdNtos	24	static
hd44780.c:592:13:lcdInitBar	16	static
hd44780.c:618:6:lcdDrawBar	16	static
hd44780.c:688:6:lcdClrBar	16	static
hd44780.c:714:6:lcdInit	8	static
hd44780.c:769:6:lcdGpioInit	4	static
