main.c:112:5:main	8	static
main.c:181:6:SystemClock_Config	88	static
main.c:221:13:MX_TIM4_Init	48	static
main.c:282:13:MX_GPIO_Init	40	static
main.c:313:6:DelayCtrl	8	static
main.c:320:6:schemeCircle	16	static
main.c:330:6:schemePairs	16	static
main.c:342:6:schemeSnake	16	static
main.c:357:6:schemeCirclePWM	24	static
main.c:376:6:schemeSnakePWM	24	static
main.c:399:6:schemeSTOP	16	static
main.c:407:6:HAL_GPIO_EXTI_Callback	16	static,ignoring_inline_asm
main.c:471:6:Error_Handler	4	static,ignoring_inline_asm
