SST25VF.c:9:6:sst25vfInitSPI	16	static
SST25VF.c:17:6:sst25vfInitUART	16	static
SST25VF.c:21:6:sel	8	static
SST25VF.c:26:6:desel	8	static
SST25VF.c:30:6:wren	8	static
SST25VF.c:37:6:ewsr	8	static
SST25VF.c:43:6:ebsy	8	static
SST25VF.c:49:6:wrdi	8	static
SST25VF.c:55:6:dbsy	8	static
SST25VF.c:61:6:chipErase	8	static
SST25VF.c:69:6:unlock	8	static
SST25VF.c:77:6:readStatus	16	static
SST25VF.c:85:9:writeReg	24	static
SST25VF.c:99:6:prepareCommand	16	static
SST25VF.c:116:9:writePage	32	static
SST25VF.c:150:6:waitForEndWritting	16	static
SST25VF.c:162:9:sendBt	32	static
SST25VF.c:172:6:readByte	24	static
SST25VF.c:179:6:readAllMemToUart	8216	static
SST25VF.c:195:6:searchMemToUart	4120	static
SST25VF.c:217:6:readFlash	32	static
SST25VF.c:225:6:sectorErase	16	static
SST25VF.c:233:6:bulkErase	8	static
