core_cm4.h:1657:22:__NVIC_SetPriorityGrouping	24	static
main.c:90:5:__io_putchar	16	static
main.c:110:15:http_temperature_path_handler	88	static
main.c:160:15:http_humidity_path_handler	88	static
main.c:209:6:http_led_toggle_handler	24	static
main.c:221:6:http_led_on_handler	24	static
main.c:233:6:http_led_off_handler	24	static
main.c:251:5:main	96	static
main.c:376:6:SystemClock_Config	88	static
main.c:420:13:MX_I2C1_Init	8	static
main.c:454:13:MX_USART3_UART_Init	8	static
main.c:487:13:MX_GPIO_Init	56	static
main.c:639:6:HAL_GPIO_EXTI_Callback	16	static
main.c:665:6:StartDefaultTask	72	static
main.c:705:6:HAL_TIM_PeriodElapsedCallback	16	static
main.c:722:6:Error_Handler	4	static,ignoring_inline_asm
