PCA9685lib.c:4:6:writeRegister	32	static
PCA9685lib.c:17:9:readRegister	32	static
PCA9685lib.c:30:6:initPCA	16	static
PCA9685lib.c:49:6:setOscillatorFrequency	16	static
PCA9685lib.c:56:10:getOscillatorFrequency	4	static
PCA9685lib.c:63:6:resetDevice	8	static
PCA9685lib.c:69:6:sleepPCA	16	static
PCA9685lib.c:78:6:wakeupPCA	16	static
PCA9685lib.c:86:6:setPWMFrequency	32	static
PCA9685lib.c:114:10:getPWMFrequency	16	static
PCA9685lib.c:124:6:setLedPWM	16	static
PCA9685lib.c:134:6:setPWM	24	static
PCA9685lib.c:147:6:setAllLedPWM	16	static
PCA9685lib.c:155:6:setAllPWM	16	static
PCA9685lib.c:166:10:getPWM	24	static
PCA9685lib.c:177:10:getAllPWM	16	static
PCA9685lib.c:188:6:setLedOn	16	static
PCA9685lib.c:195:6:setLedOff	16	static
PCA9685lib.c:202:6:setAllLedOn	8	static
PCA9685lib.c:209:6:setAllLedOff	8	static
