simple_http_server.c:142:22:parse_command	16	static
simple_http_server.c:168:22:parse_path	24	static
simple_http_server.c:181:22:parse_version	24	static
simple_http_server.c:194:22:parse_command_line	32	static
simple_http_server.c:220:22:parse_payload	96	static
simple_http_server.c:253:22:error_code_handler	48	static
simple_http_server.c:272:22:bad_request_handler	16	static
simple_http_server.c:277:22:not_implemented_handler	16	static
simple_http_server.c:282:22:not_found_handler	16	static
simple_http_server.c:287:22:reset_content_handler	24	static
simple_http_server.c:293:22:error_handler	16	static
simple_http_server.c:312:15:http_root_path_handler	32	static
simple_http_server.c:332:15:http_temperature_path_handler	16	static
simple_http_server.c:337:15:http_humidity_path_handler	16	static
simple_http_server.c:342:6:http_led_toggle_handler	24	static
simple_http_server.c:353:6:http_led_on_handler	24	static
simple_http_server.c:364:6:http_led_off_handler	24	static
simple_http_server.c:378:15:http_post_request_handler	40	static
simple_http_server.c:442:22:request_handler	32	static
simple_http_server.c:490:13:is_path_correct	16	static
simple_http_server.c:497:13:is_command_implemented	16	static
simple_http_server.c:503:13:is_version_correct	16	static
simple_http_server.c:508:12:send_answer	24	static
simple_http_server.c:519:15:http_server_handler	136	static
